eeschema (2013-jul-07)-stable  >> Creation date: Sat 22 Feb 2014 06:19:44 PM CET
#Cmp ( order = Reference )
| B1         SWITCH_4PIN 
| C1         2.2u        
| C2         2.2u        
| C3         22p         
| C4         100n        
| C5         100n        
| C6         100nF       
| C7         100nF       
| C8         100n        
| C9         100n        
| C10        100n        
| C11        100n        
| C12        100n        
| C13        100n        
| C14        100n        
| C15        100n        
| C16        100n        
| C17        100n        
| C18        100n        
| C19        100n        
| C20        22p         
| C21        4.7u        
| C22        100n        
| C23        2.2u        
| C24        2.2u        
| C25        100n        
| C26        1u          
| C27        100n        
| C28        1u          
| C29        100n        
| C30        100nF       
| C31        10pF        
| C32        33nF        
| C33        22pF        
| C34        22pF        
| C35        CSMALL      
| C36        1.5pF       
| C37        4.7pF       
| C38        2.2nF       
| C39        10uF        
| C40        10uF        
| D1         SML-211UTT86
| D2         SML-211YTT86
| D3         SML-211UTT86
| D4         SML-211UTT86
| JP2        JUMPER      
| L1         30@100MHz   
| L2         22@100MHz   
| L3         FERRITE     
| L4         3.9nH       
| L5         8.2nH       
| L6         2.7nH       
| P1         SD_CARD     
| P7         USB-MINI-B  
| R1         1k          
| R2         1k          
| R3         R1002-1%63  
| R4         22k         
| R5         1k          
| R6         47k         
| R7         1k          
| R8         47k         
| R9         1k          
| R10        47k         
| R11        1k          
| R12        47k         
| R13        1k          
| R14        1k          
| R15        2.2k        
| R16        R           
| R17        150k        
| SW1        SW_PUSH     
| SW2        SW_PUSH     
| SW3        SW_PUSH     
| SW4        SW_PUSH     
| U1         STM32F205Vxx
| U2         NRF24L01+   
| U3         MCP73833    
| U6         LP38691     
| X1         CRYSTAL     
| X2         3.2x2.5     
| Y1         CHIP_ANTENNA
#End Cmp

#Cmp ( order = Value )
| SWITCH_4PIN  B1        
| 1.5pF        C36       
| 4.7pF        C37       
| 10pF         C31       
| 22p          C3        
| 22p          C20       
| 22pF         C33       
| 22pF         C34       
| 2.2nF        C38       
| 33nF         C32       
| 100n         C4        
| 100n         C8        
| 100n         C9        
| 100n         C10       
| 100n         C11       
| 100n         C12       
| 100n         C13       
| 100n         C14       
| 100n         C15       
| 100n         C16       
| 100n         C17       
| 100n         C18       
| 100n         C19       
| 100n         C22       
| 100n         C25       
| 100n         C27       
| 100n         C29       
| 100n         C5        
| 100nF        C6        
| 100nF        C7        
| 100nF        C30       
| 1u           C26       
| 1u           C28       
| 2.2u         C1        
| 2.2u         C2        
| 2.2u         C23       
| 2.2u         C24       
| 4.7u         C21       
| 10uF         C39       
| 10uF         C40       
| CSMALL       C35       
| SML-211UTT86 D1        
| SML-211YTT86 D2        
| SML-211UTT86 D3        
| SML-211UTT86 D4        
| JUMPER       JP2       
| 2.7nH        L6        
| 3.9nH        L4        
| 8.2nH        L5        
| 30@100MHz    L1        
| 22@100MHz    L2        
| FERRITE      L3        
| SD_CARD      P1        
| USB-MINI-B   P7        
| 1k           R1        
| 1k           R2        
| 1k           R5        
| 1k           R7        
| 1k           R9        
| 1k           R11       
| 1k           R13       
| 1k           R14       
| 2.2k         R15       
| 22k          R4        
| 47k          R6        
| 47k          R8        
| 47k          R10       
| 47k          R12       
| 150k         R17       
| R1002-1%63   R3        
| R            R16       
| SW_PUSH      SW1       
| SW_PUSH      SW2       
| SW_PUSH      SW3       
| SW_PUSH      SW4       
| STM32F205Vxx U1        
| NRF24L01+    U2        
| MCP73833     U3        
| LP38691      U6        
| 3.2x2.5      X2        
| CRYSTAL      X1        
| CHIP_ANTENNA Y1        
#End Cmp

#End List
